// Vitest Snapshot v1

exports[`Book Item > SnapShot 1`] = `
{
  "asFragment": [Function],
  "baseElement": <body>
    <div>
      <div
        class="bg-primary-item flex flex-col items-center gap-3 p-5 rounded-xl w-64 text-2xl"
      >
        <h2
          class=""
        >
          Harry Potter
        </h2>
        <span
          class=""
        >
          J.K Rowling
        </span>
        <span
          class=""
        >
          45
           / 
          586
        </span>
        <div
          class="flex w-full items-center justify-between"
        >
          <svg
            aria-hidden="true"
            class="h-8 cursor-pointer transition-all hover:scale-125 active:scale-95"
            fill="currentColor"
            viewBox="0 0 20 20"
            xmlns="http://www.w3.org/2000/svg"
          >
            <path
              clip-rule="evenodd"
              d="M5.23 7.21a.75.75 0 011.06.02L10 11.168l3.71-3.938a.75.75 0 111.08 1.04l-4.25 4.5a.75.75 0 01-1.08 0l-4.25-4.5a.75.75 0 01.02-1.06z"
              fill-rule="evenodd"
            />
          </svg>
          <div
            class="w-8/12 rounded-lg border-2 border-primary-bg text-center relative z-[1]"
          >
            7.68
            %
            <div
              class="h-full bg-primary-bg absolute inset-0 -z-[1] transition-all max-w-full"
              style="width: 7.68%;"
            />
          </div>
          <svg
            aria-hidden="true"
            class="h-8 cursor-pointer transition-all hover:scale-125 active:scale-95 z-[1]"
            fill="currentColor"
            viewBox="0 0 20 20"
            xmlns="http://www.w3.org/2000/svg"
          >
            <path
              clip-rule="evenodd"
              d="M14.77 12.79a.75.75 0 01-1.06-.02L10 8.832 6.29 12.77a.75.75 0 11-1.08-1.04l4.25-4.5a.75.75 0 011.08 0l4.25 4.5a.75.75 0 01-.02 1.06z"
              fill-rule="evenodd"
            />
          </svg>
        </div>
        <button
          class="bg-red-500 self-stretch rounded-lg p-1"
          type="button"
        >
          Delete
        </button>
      </div>
    </div>
  </body>,
  "container": <div>
    <div
      class="bg-primary-item flex flex-col items-center gap-3 p-5 rounded-xl w-64 text-2xl"
    >
      <h2
        class=""
      >
        Harry Potter
      </h2>
      <span
        class=""
      >
        J.K Rowling
      </span>
      <span
        class=""
      >
        45
         / 
        586
      </span>
      <div
        class="flex w-full items-center justify-between"
      >
        <svg
          aria-hidden="true"
          class="h-8 cursor-pointer transition-all hover:scale-125 active:scale-95"
          fill="currentColor"
          viewBox="0 0 20 20"
          xmlns="http://www.w3.org/2000/svg"
        >
          <path
            clip-rule="evenodd"
            d="M5.23 7.21a.75.75 0 011.06.02L10 11.168l3.71-3.938a.75.75 0 111.08 1.04l-4.25 4.5a.75.75 0 01-1.08 0l-4.25-4.5a.75.75 0 01.02-1.06z"
            fill-rule="evenodd"
          />
        </svg>
        <div
          class="w-8/12 rounded-lg border-2 border-primary-bg text-center relative z-[1]"
        >
          7.68
          %
          <div
            class="h-full bg-primary-bg absolute inset-0 -z-[1] transition-all max-w-full"
            style="width: 7.68%;"
          />
        </div>
        <svg
          aria-hidden="true"
          class="h-8 cursor-pointer transition-all hover:scale-125 active:scale-95 z-[1]"
          fill="currentColor"
          viewBox="0 0 20 20"
          xmlns="http://www.w3.org/2000/svg"
        >
          <path
            clip-rule="evenodd"
            d="M14.77 12.79a.75.75 0 01-1.06-.02L10 8.832 6.29 12.77a.75.75 0 11-1.08-1.04l4.25-4.5a.75.75 0 011.08 0l4.25 4.5a.75.75 0 01-.02 1.06z"
            fill-rule="evenodd"
          />
        </svg>
      </div>
      <button
        class="bg-red-500 self-stretch rounded-lg p-1"
        type="button"
      >
        Delete
      </button>
    </div>
  </div>,
  "debug": [Function],
  "findAllByAltText": [Function],
  "findAllByDisplayValue": [Function],
  "findAllByLabelText": [Function],
  "findAllByPlaceholderText": [Function],
  "findAllByRole": [Function],
  "findAllByTestId": [Function],
  "findAllByText": [Function],
  "findAllByTitle": [Function],
  "findByAltText": [Function],
  "findByDisplayValue": [Function],
  "findByLabelText": [Function],
  "findByPlaceholderText": [Function],
  "findByRole": [Function],
  "findByTestId": [Function],
  "findByText": [Function],
  "findByTitle": [Function],
  "getAllByAltText": [Function],
  "getAllByDisplayValue": [Function],
  "getAllByLabelText": [Function],
  "getAllByPlaceholderText": [Function],
  "getAllByRole": [Function],
  "getAllByTestId": [Function],
  "getAllByText": [Function],
  "getAllByTitle": [Function],
  "getByAltText": [Function],
  "getByDisplayValue": [Function],
  "getByLabelText": [Function],
  "getByPlaceholderText": [Function],
  "getByRole": [Function],
  "getByTestId": [Function],
  "getByText": [Function],
  "getByTitle": [Function],
  "queryAllByAltText": [Function],
  "queryAllByDisplayValue": [Function],
  "queryAllByLabelText": [Function],
  "queryAllByPlaceholderText": [Function],
  "queryAllByRole": [Function],
  "queryAllByTestId": [Function],
  "queryAllByText": [Function],
  "queryAllByTitle": [Function],
  "queryByAltText": [Function],
  "queryByDisplayValue": [Function],
  "queryByLabelText": [Function],
  "queryByPlaceholderText": [Function],
  "queryByRole": [Function],
  "queryByTestId": [Function],
  "queryByText": [Function],
  "queryByTitle": [Function],
  "rerender": [Function],
  "unmount": [Function],
}
`;
